2026-06-06 22:58:10,941 [INFO] Config loaded from config.json
2026-06-06 22:58:10,946 [DEBUG] Image loaded: StoryButton (story.png)
2026-06-06 22:58:10,947 [DEBUG] Image loaded: ContinueButton (continue.png)
2026-06-06 22:58:10,947 [DEBUG] Image loaded: MissionObject (mission.png)
2026-06-06 22:58:10,947 [DEBUG] Image loaded: DemoCheckmark (demo.png)
2026-06-06 22:58:10,948 [DEBUG] Image loaded: DemoChecked (demo_checked.png)
2026-06-06 22:58:10,948 [DEBUG] Image loaded: StartBattleButton (startbattle.png)
2026-06-06 22:58:10,950 [DEBUG] Image loaded: YesButton (yes.png)
2026-06-06 22:58:10,951 [DEBUG] Image loaded: NoButton (no.png)
2026-06-06 22:58:10,951 [DEBUG] Image loaded: LegendsPointer (legendspointer.png)
2026-06-06 22:58:10,952 [DEBUG] Image loaded: ReadyButton (ready.png)
2026-06-06 22:58:10,952 [DEBUG] Image loaded: FinishedPointer (finishedpointer.png)
2026-06-06 22:58:10,954 [DEBUG] Image loaded: TapArrow (tap.png)
2026-06-06 22:58:10,954 [DEBUG] Image loaded: TapArrow2 (tap2.png)
2026-06-06 22:58:10,955 [DEBUG] Image loaded: OkBattleButton (okbattle.png)
2026-06-06 22:58:10,955 [DEBUG] Image loaded: SkipButton (skip.png)
2026-06-06 22:58:10,957 [DEBUG] Image loaded: RematchButton (rematch.png)
2026-06-06 22:58:10,957 [DEBUG] Image loaded: QuitBattleButton (quitbattle.png)
2026-06-06 22:58:10,958 [DEBUG] Image loaded: InCombatIndicator (incombat.png)
2026-06-06 22:58:10,958 [DEBUG] Image loaded: StorySlide (storyslide.png)
2026-06-06 22:58:10,960 [DEBUG] Image loaded: BackButton (back.png)
2026-06-06 22:58:10,960 [DEBUG] Image loaded: HomeButton (home.png)
2026-06-06 22:58:10,960 [INFO] All images loaded (21)
2026-06-06 22:58:10,960 [INFO] Looking for window: 'BlueStacks App Player'
2026-06-06 22:58:10,963 [INFO] Window found: Bluestacks App Player | Pos: (-32000,-32000) Size: 160x28
2026-06-06 22:58:10,963 [INFO] Screen resolution: 1920x1080 | Scale: x=1.000 y=1.000
2026-06-06 22:58:11,307 [INFO] DBFarmer initialized successfully
2026-06-06 22:58:11,314 [INFO] =======================================================
2026-06-06 22:58:11,314 [INFO]   INITIAL SETUP
2026-06-06 22:58:11,315 [INFO] =======================================================
2026-06-06 22:58:11,315 [INFO] Waiting: StoryButton
2026-06-06 22:58:15,972 [INFO] Anti-stuck started (background thread)
2026-06-06 22:58:17,973 [DEBUG] Found [StoryButton] confidence=0.78 pos=(794,792)
2026-06-06 22:58:18,297 [DEBUG] Found [StoryButton] confidence=0.76 pos=(794,792)
2026-06-06 22:58:18,856 [DEBUG] Click at (794, 792)
2026-06-06 22:58:18,856 [INFO] ✓ Story selected
2026-06-06 22:58:18,856 [INFO] Waiting: ContinueButton
2026-06-06 22:58:19,856 [DEBUG] Found [ContinueButton] confidence=0.75 pos=(1116,819)
2026-06-06 22:58:20,132 [DEBUG] Found [ContinueButton] confidence=0.75 pos=(1116,819)
2026-06-06 22:58:20,695 [DEBUG] Click at (1116, 819)
2026-06-06 22:58:20,695 [INFO] ✓ Continue clicked
2026-06-06 22:58:24,620 [WARNING] [YesButton] not found after 5 attempts
2026-06-06 22:58:24,621 [INFO] ✓ Setup done - main loop taking over
2026-06-06 22:58:24,624 [INFO] =======================================================
2026-06-06 22:58:24,624 [INFO]   FARMING LOOP STARTED
2026-06-06 22:58:24,624 [INFO] =======================================================
2026-06-06 22:58:24,625 [INFO] Detecting level type...
2026-06-06 22:58:24,625 [INFO] Detecting level type...
2026-06-06 22:58:24,896 [DEBUG] Found [StartBattleButton] confidence=0.80 pos=(1081,904)
2026-06-06 22:58:24,899 [INFO] → COMBAT (StartBattleButton found)
2026-06-06 22:58:24,900 [INFO] ★ COMBAT level
2026-06-06 22:58:24,900 [INFO] ─── Handling COMBAT level ───
2026-06-06 22:58:24,900 [INFO] Demo checkmark
2026-06-06 22:58:25,149 [DEBUG]   _find_best [DemoCheckmark] score=0.989
2026-06-06 22:58:25,326 [DEBUG]   _find_best [DemoChecked] score=0.958
2026-06-06 22:58:25,326 [DEBUG] → Winner: [DemoCheckmark] score=0.989
2026-06-06 22:58:25,328 [INFO] ✓ Play Demo unchecked (correct state)
2026-06-06 22:58:25,328 [INFO] ✓ Demo unchecked, launching combat
2026-06-06 22:58:25,328 [INFO] Waiting for StartBattle...
2026-06-06 22:58:25,328 [INFO] Waiting: StartBattleButton
2026-06-06 22:58:25,563 [DEBUG] Found [StartBattleButton] confidence=0.80 pos=(1081,904)
2026-06-06 22:58:25,564 [INFO] Click: StartBattleButton
2026-06-06 22:58:26,127 [DEBUG] Click at (1081, 904)
2026-06-06 22:58:26,127 [INFO] ✓ Start Battle clicked
2026-06-06 22:58:26,127 [INFO] Waiting for team selection screen...
2026-06-06 22:58:29,323 [DEBUG] Found [LegendsPointer] confidence=0.86 pos=(1145,541)
2026-06-06 22:58:29,326 [INFO] Team selection
2026-06-06 22:58:30,188 [DEBUG] Click at (845, 631)
2026-06-06 22:58:30,188 [INFO] Char 1 clicked: (845, 631)
2026-06-06 22:58:30,744 [DEBUG] Click at (945, 631)
2026-06-06 22:58:30,744 [INFO] Char 2 clicked: (945, 631)
2026-06-06 22:58:31,301 [DEBUG] Click at (1045, 631)
2026-06-06 22:58:31,301 [INFO] Char 3 clicked: (1045, 631)
2026-06-06 22:58:32,362 [DEBUG] Click at (845, 731)
2026-06-06 22:58:32,362 [INFO] Char 4 clicked: (845, 731)
2026-06-06 22:58:32,919 [DEBUG] Click at (945, 731)
2026-06-06 22:58:32,919 [INFO] Char 5 clicked: (945, 731)
2026-06-06 22:58:33,480 [DEBUG] Click at (1045, 731)
2026-06-06 22:58:33,480 [INFO] Char 6 clicked: (1045, 731)
2026-06-06 22:58:34,481 [INFO] Waiting: ReadyButton
2026-06-06 22:58:34,728 [DEBUG] Found [ReadyButton] confidence=0.93 pos=(943,987)
2026-06-06 22:58:34,730 [INFO] Click: ReadyButton
2026-06-06 22:58:35,293 [DEBUG] Click at (943, 987)
2026-06-06 22:58:35,293 [INFO] ✓ Ready
2026-06-06 22:58:35,293 [INFO] Waiting for end of combat...
2026-06-06 22:58:35,293 [INFO] Waiting for FinishedPointer...
